mode: set
goretech/analysis/tests/helper.go:13.54,14.30 1 0
goretech/analysis/tests/helper.go:14.30,19.27 5 0
goretech/analysis/tests/helper.go:19.27,20.29 1 0
goretech/analysis/tests/helper.go:20.29,21.56 1 0
goretech/analysis/tests/helper.go:21.56,26.6 4 0
goretech/analysis/tests/helper.go:28.4,30.4 1 0
