heap profile: 0: 0 [8: 7312] @ heap/1048576
0: 0 [1: 224] @ 0x4470c7 0x446f4f 0x4f3776 0x55cbd9 0x54b2c8 0x548f90 0x557710 0x511c29 0x510d3b 0x4882b8 0x48a27c 0x481d38 0x45fa21
0: 0 [1: 384] @ 0x4470c7 0x4469db 0x446eaa 0x552dd8 0x556373 0x508daa 0x50a684 0x5109c2 0x4882b8 0x48a27c 0x481d38 0x45fa21
0: 0 [1: 160] @ 0x4470c7 0x4469db 0x446e0a 0x55293f 0x54b15e 0x548f90 0x557710 0x511c29 0x510d3b 0x4882b8 0x48a27c 0x481d38 0x45fa21
0: 0 [1: 2048] @ 0x442c21 0x63cb6a 0x63bfdd 0x6434ea 0x646e48 0x6479cc 0x634024 0x50e069 0x5106cb 0x4882b8 0x48a27c 0x481d38 0x45fa21
0: 0 [1: 288] @ 0x409b54 0x5584a3 0x555f90 0x50add5 0x5109c2 0x489e12 0x481d38 0x45fa21
0: 0 [1: 64] @ 0x50eec1 0x50e365 0x51076c 0x4882b8 0x489b17 0x481d38 0x45fa21
0: 0 [1: 48] @ 0x409051 0x50edaf 0x50e365 0x51076c 0x4882b8 0x489b17 0x481d38 0x45fa21
0: 0 [1: 4096] @ 0x442b93 0x4c00d8 0x4c0a83 0x4be98f 0x4bf428 0x4ba61e 0x47140d 0x471363 0x471b8d 0x895e58 0x838e84 0x777051 0x6320d0 0x5148b8 0x48a5fb 0x40130a 0x42f16f 0x45fa21

# runtime.MemStats
# Alloc = 548720
# TotalAlloc = 6008008
# Sys = 8231160
# Lookups = 93
# Mallocs = 104910
# Frees = 97270
# HeapAlloc = 548720
# HeapSys = 4915200
# HeapIdle = 3096576
# HeapInuse = 1818624
# HeapReleased = 0
# HeapObjects = 7640
# Stack = 327680 / 327680
# MSpan = 32280 / 65536
# MCache = 4800 / 16384
# BuckHashSys = 1444413
# NextGC = 4194304
# PauseNs = [353036 1266449 0 0 0 0 0 0 0 0 0 0 0 0 0 0 0 0 0 0 0 0 0 0 0 0 0 0 0 0 0 0 0 0 0 0 0 0 0 0 0 0 0 0 0 0 0 0 0 0 0 0 0 0 0 0 0 0 0 0 0 0 0 0 0 0 0 0 0 0 0 0 0 0 0 0 0 0 0 0 0 0 0 0 0 0 0 0 0 0 0 0 0 0 0 0 0 0 0 0 0 0 0 0 0 0 0 0 0 0 0 0 0 0 0 0 0 0 0 0 0 0 0 0 0 0 0 0 0 0 0 0 0 0 0 0 0 0 0 0 0 0 0 0 0 0 0 0 0 0 0 0 0 0 0 0 0 0 0 0 0 0 0 0 0 0 0 0 0 0 0 0 0 0 0 0 0 0 0 0 0 0 0 0 0 0 0 0 0 0 0 0 0 0 0 0 0 0 0 0 0 0 0 0 0 0 0 0 0 0 0 0 0 0 0 0 0 0 0 0 0 0 0 0 0 0 0 0 0 0 0 0 0 0 0 0 0 0 0 0 0 0 0 0 0 0 0 0 0 0 0 0 0 0 0 0]
# NumGC = 2
# EnableGC = true
# DebugGC = false
