heap profile: 1: 48 [9: 1568] @ heap/1048576
1: 48 [1: 48] @ 0x4470c7 0x4469db 0x446d6a 0x54ddd0 0x54d36f 0x50dcc3 0x51066b 0x4882b8 0x489b17 0x481d38 0x45fa21
0: 0 [1: 192] @ 0x638eb1 0x638e09 0x646f90 0x64796c 0x633fc4 0x50e009 0x51066b 0x4882b8 0x48a27c 0x481d38 0x45fa21
0: 0 [1: 288] @ 0x409daa 0x558443 0x555f30 0x510cb3 0x4882b8 0x48a27c 0x481d38 0x45fa21
0: 0 [1: 176] @ 0x4470c7 0x4469db 0x446eaa 0x552d78 0x556313 0x508daa 0x50a68c 0x510962 0x4882b8 0x48a27c 0x481d38 0x45fa21
0: 0 [1: 128] @ 0x4470c7 0x4469db 0x446eaa 0x552d78 0x54b0fe 0x548f30 0x5576b0 0x511bc9 0x510cdb 0x4882b8 0x489b17 0x481d38 0x45fa21
0: 0 [1: 128] @ 0x442c21 0x6392e9 0x638e09 0x640baf 0x641c53 0x6423ad 0x646de8 0x64796c 0x633fc4 0x50e009 0x51066b 0x4882b8 0x489b17 0x481d38 0x45fa21
0: 0 [1: 208] @ 0x409b54 0x5526df 0x54f972 0x554e84 0x508fb9 0x51282b 0x510cdb 0x4882b8 0x489b17 0x481d38 0x45fa21
0: 0 [1: 384] @ 0x442b93 0x442927 0x4f0496 0x4f1011 0x4f5d5c 0x4f94e5 0x4fff5d 0x4f373f 0x55cb79 0x54b268 0x548f30 0x5576b0 0x511bc9 0x510cdb 0x4882b8 0x489b17 0x481d38 0x45fa21
0: 0 [1: 16] @ 0x442b93 0x77fb4f 0x77aa03 0x77b66e 0x77f08f 0x649828 0x648620 0x633ffb 0x50e009 0x51066b 0x4882b8 0x489b17 0x481d38 0x45fa21

# runtime.MemStats
# Alloc = 546512
# TotalAlloc = 5966064
# Sys = 8231160
# Lookups = 93
# Mallocs = 105105
# Frees = 97454
# HeapAlloc = 546512
# HeapSys = 4915200
# HeapIdle = 3153920
# HeapInuse = 1761280
# HeapReleased = 0
# HeapObjects = 7651
# Stack = 327680 / 327680
# MSpan = 31320 / 65536
# MCache = 4800 / 16384
# BuckHashSys = 1444725
# NextGC = 4194304
# PauseNs = [203272 1229932 0 0 0 0 0 0 0 0 0 0 0 0 0 0 0 0 0 0 0 0 0 0 0 0 0 0 0 0 0 0 0 0 0 0 0 0 0 0 0 0 0 0 0 0 0 0 0 0 0 0 0 0 0 0 0 0 0 0 0 0 0 0 0 0 0 0 0 0 0 0 0 0 0 0 0 0 0 0 0 0 0 0 0 0 0 0 0 0 0 0 0 0 0 0 0 0 0 0 0 0 0 0 0 0 0 0 0 0 0 0 0 0 0 0 0 0 0 0 0 0 0 0 0 0 0 0 0 0 0 0 0 0 0 0 0 0 0 0 0 0 0 0 0 0 0 0 0 0 0 0 0 0 0 0 0 0 0 0 0 0 0 0 0 0 0 0 0 0 0 0 0 0 0 0 0 0 0 0 0 0 0 0 0 0 0 0 0 0 0 0 0 0 0 0 0 0 0 0 0 0 0 0 0 0 0 0 0 0 0 0 0 0 0 0 0 0 0 0 0 0 0 0 0 0 0 0 0 0 0 0 0 0 0 0 0 0 0 0 0 0 0 0 0 0 0 0 0 0 0 0 0 0 0 0]
# NumGC = 2
# EnableGC = true
# DebugGC = false
